// Jest Snapshot v1, https://goo.gl/fbAQLP

exports[`AdShelf --- Snapshot +++capturing Snapshot of Container 1`] = `
<div>
   Loading ... 
</div>
`;
