// Jest Snapshot v1, https://goo.gl/fbAQLP

exports[`CartContainer --- Snapshot +++capturing Snapshot of Container 1`] = `
<div>
  <div
    className="section"
  />
  <div
    className="divider"
  />
  <div
    className="section"
  >
    <div>
      Your total: 
      <b>
         $ 
        0
         
      </b>
    </div>
  </div>
  <div
    className="divider"
  />
  <div
    className="section"
  >
    <span>
       Enter your name to check special discounts on your purchase 
    </span>
    <div
      className="row"
    >
      <input
        className="col m7"
        type="text"
      />
      <button
        className="col m4"
        onClick={[Function]}
      >
         Save 
      </button>
    </div>
  </div>
  <div
    className="center link"
  >
     
    <span
      className="btn grey lighten-2"
    >
       
    </span>
  </div>
</div>
`;
